C:/Users/vkaiser.JAKTOOL/Documents/_LocalRepo/_STM32/TouchGFX_Workshop/STM32H7B3i-DK_TouchGFX_BaseProject/Core/Src/main.c:117:5:main	24	static,ignoring_inline_asm
C:/Users/vkaiser.JAKTOOL/Documents/_LocalRepo/_STM32/TouchGFX_Workshop/STM32H7B3i-DK_TouchGFX_BaseProject/Core/Src/main.c:224:6:SystemClock_Config	120	static
C:/Users/vkaiser.JAKTOOL/Documents/_LocalRepo/_STM32/TouchGFX_Workshop/STM32H7B3i-DK_TouchGFX_BaseProject/Core/Src/main.c:285:6:PeriphCommonClock_Config	200	static
C:/Users/vkaiser.JAKTOOL/Documents/_LocalRepo/_STM32/TouchGFX_Workshop/STM32H7B3i-DK_TouchGFX_BaseProject/Core/Src/main.c:313:13:MX_CRC_Init	8	static
C:/Users/vkaiser.JAKTOOL/Documents/_LocalRepo/_STM32/TouchGFX_Workshop/STM32H7B3i-DK_TouchGFX_BaseProject/Core/Src/main.c:344:13:MX_DMA2D_Init	8	static
C:/Users/vkaiser.JAKTOOL/Documents/_LocalRepo/_STM32/TouchGFX_Workshop/STM32H7B3i-DK_TouchGFX_BaseProject/Core/Src/main.c:384:13:MX_I2C4_Init	8	static
C:/Users/vkaiser.JAKTOOL/Documents/_LocalRepo/_STM32/TouchGFX_Workshop/STM32H7B3i-DK_TouchGFX_BaseProject/Core/Src/main.c:432:13:MX_LTDC_Init	64	static
C:/Users/vkaiser.JAKTOOL/Documents/_LocalRepo/_STM32/TouchGFX_Workshop/STM32H7B3i-DK_TouchGFX_BaseProject/Core/Src/main.c:494:13:MX_OCTOSPI1_Init	24	static
C:/Users/vkaiser.JAKTOOL/Documents/_LocalRepo/_STM32/TouchGFX_Workshop/STM32H7B3i-DK_TouchGFX_BaseProject/Core/Src/main.c:556:13:MX_SDMMC1_SD_Init	4	static
C:/Users/vkaiser.JAKTOOL/Documents/_LocalRepo/_STM32/TouchGFX_Workshop/STM32H7B3i-DK_TouchGFX_BaseProject/Core/Src/main.c:583:13:MX_USART1_UART_Init	40	static
C:/Users/vkaiser.JAKTOOL/Documents/_LocalRepo/_STM32/TouchGFX_Workshop/STM32H7B3i-DK_TouchGFX_BaseProject/Core/Src/main.c:634:13:MX_GPIO_Init	64	static
C:/Users/vkaiser.JAKTOOL/Documents/_LocalRepo/_STM32/TouchGFX_Workshop/STM32H7B3i-DK_TouchGFX_BaseProject/Core/Src/main.c:729:6:HAL_GPIO_EXTI_Callback	16	static
C:/Users/vkaiser.JAKTOOL/Documents/_LocalRepo/_STM32/TouchGFX_Workshop/STM32H7B3i-DK_TouchGFX_BaseProject/Core/Src/main.c:745:13:TouchGFX_Task	16	static
C:/Users/vkaiser.JAKTOOL/Documents/_LocalRepo/_STM32/TouchGFX_Workshop/STM32H7B3i-DK_TouchGFX_BaseProject/Core/Src/main.c:763:6:Start_LEDblink_task	24	static
C:/Users/vkaiser.JAKTOOL/Documents/_LocalRepo/_STM32/TouchGFX_Workshop/STM32H7B3i-DK_TouchGFX_BaseProject/Core/Src/main.c:786:6:Start_InterruptTask	16	static
C:/Users/vkaiser.JAKTOOL/Documents/_LocalRepo/_STM32/TouchGFX_Workshop/STM32H7B3i-DK_TouchGFX_BaseProject/Core/Src/main.c:806:6:MPU_Config	24	static
C:/Users/vkaiser.JAKTOOL/Documents/_LocalRepo/_STM32/TouchGFX_Workshop/STM32H7B3i-DK_TouchGFX_BaseProject/Core/Src/main.c:868:6:HAL_TIM_PeriodElapsedCallback	16	static
C:/Users/vkaiser.JAKTOOL/Documents/_LocalRepo/_STM32/TouchGFX_Workshop/STM32H7B3i-DK_TouchGFX_BaseProject/Core/Src/main.c:885:6:Error_Handler	4	static
