C:/Users/vkaiser.JAKTOOL/Documents/_LocalRepo/_STM32/TouchGFX_Workshop/STM32HB3i-DK_TouchGFX_BaseProject/Core/Src/main.c:92:5:main	5
C:/Users/vkaiser.JAKTOOL/Documents/_LocalRepo/_STM32/TouchGFX_Workshop/STM32HB3i-DK_TouchGFX_BaseProject/Core/Src/main.c:187:6:SystemClock_Config	4
C:/Users/vkaiser.JAKTOOL/Documents/_LocalRepo/_STM32/TouchGFX_Workshop/STM32HB3i-DK_TouchGFX_BaseProject/Core/Src/main.c:249:13:MX_CRC_Init	2
C:/Users/vkaiser.JAKTOOL/Documents/_LocalRepo/_STM32/TouchGFX_Workshop/STM32HB3i-DK_TouchGFX_BaseProject/Core/Src/main.c:280:13:MX_DMA2D_Init	3
C:/Users/vkaiser.JAKTOOL/Documents/_LocalRepo/_STM32/TouchGFX_Workshop/STM32HB3i-DK_TouchGFX_BaseProject/Core/Src/main.c:320:13:MX_I2C4_Init	4
C:/Users/vkaiser.JAKTOOL/Documents/_LocalRepo/_STM32/TouchGFX_Workshop/STM32HB3i-DK_TouchGFX_BaseProject/Core/Src/main.c:368:13:MX_LTDC_Init	3
C:/Users/vkaiser.JAKTOOL/Documents/_LocalRepo/_STM32/TouchGFX_Workshop/STM32HB3i-DK_TouchGFX_BaseProject/Core/Src/main.c:430:13:MX_OCTOSPI1_Init	5
C:/Users/vkaiser.JAKTOOL/Documents/_LocalRepo/_STM32/TouchGFX_Workshop/STM32HB3i-DK_TouchGFX_BaseProject/Core/Src/main.c:492:13:MX_GPIO_Init	1
C:/Users/vkaiser.JAKTOOL/Documents/_LocalRepo/_STM32/TouchGFX_Workshop/STM32HB3i-DK_TouchGFX_BaseProject/Core/Src/main.c:581:6:HAL_GPIO_EXTI_Callback	2
C:/Users/vkaiser.JAKTOOL/Documents/_LocalRepo/_STM32/TouchGFX_Workshop/STM32HB3i-DK_TouchGFX_BaseProject/Core/Src/main.c:597:13:TouchGFX_Task	1
C:/Users/vkaiser.JAKTOOL/Documents/_LocalRepo/_STM32/TouchGFX_Workshop/STM32HB3i-DK_TouchGFX_BaseProject/Core/Src/main.c:610:6:MPU_Config	1
C:/Users/vkaiser.JAKTOOL/Documents/_LocalRepo/_STM32/TouchGFX_Workshop/STM32HB3i-DK_TouchGFX_BaseProject/Core/Src/main.c:672:6:HAL_TIM_PeriodElapsedCallback	2
C:/Users/vkaiser.JAKTOOL/Documents/_LocalRepo/_STM32/TouchGFX_Workshop/STM32HB3i-DK_TouchGFX_BaseProject/Core/Src/main.c:689:6:Error_Handler	1
