C:/Users/vkaiser.JAKTOOL/Documents/_LocalRepo/_STM32/TouchGFX_Workshop/STM32HB3i-DK_TouchGFX_BaseProject/Core/Src/main.c:92:5:main	24	static,ignoring_inline_asm
C:/Users/vkaiser.JAKTOOL/Documents/_LocalRepo/_STM32/TouchGFX_Workshop/STM32HB3i-DK_TouchGFX_BaseProject/Core/Src/main.c:187:6:SystemClock_Config	120	static
C:/Users/vkaiser.JAKTOOL/Documents/_LocalRepo/_STM32/TouchGFX_Workshop/STM32HB3i-DK_TouchGFX_BaseProject/Core/Src/main.c:249:13:MX_CRC_Init	8	static
C:/Users/vkaiser.JAKTOOL/Documents/_LocalRepo/_STM32/TouchGFX_Workshop/STM32HB3i-DK_TouchGFX_BaseProject/Core/Src/main.c:280:13:MX_DMA2D_Init	8	static
C:/Users/vkaiser.JAKTOOL/Documents/_LocalRepo/_STM32/TouchGFX_Workshop/STM32HB3i-DK_TouchGFX_BaseProject/Core/Src/main.c:320:13:MX_I2C4_Init	8	static
C:/Users/vkaiser.JAKTOOL/Documents/_LocalRepo/_STM32/TouchGFX_Workshop/STM32HB3i-DK_TouchGFX_BaseProject/Core/Src/main.c:368:13:MX_LTDC_Init	64	static
C:/Users/vkaiser.JAKTOOL/Documents/_LocalRepo/_STM32/TouchGFX_Workshop/STM32HB3i-DK_TouchGFX_BaseProject/Core/Src/main.c:430:13:MX_OCTOSPI1_Init	24	static
C:/Users/vkaiser.JAKTOOL/Documents/_LocalRepo/_STM32/TouchGFX_Workshop/STM32HB3i-DK_TouchGFX_BaseProject/Core/Src/main.c:492:13:MX_GPIO_Init	64	static
C:/Users/vkaiser.JAKTOOL/Documents/_LocalRepo/_STM32/TouchGFX_Workshop/STM32HB3i-DK_TouchGFX_BaseProject/Core/Src/main.c:581:6:HAL_GPIO_EXTI_Callback	16	static
C:/Users/vkaiser.JAKTOOL/Documents/_LocalRepo/_STM32/TouchGFX_Workshop/STM32HB3i-DK_TouchGFX_BaseProject/Core/Src/main.c:597:13:TouchGFX_Task	16	static
C:/Users/vkaiser.JAKTOOL/Documents/_LocalRepo/_STM32/TouchGFX_Workshop/STM32HB3i-DK_TouchGFX_BaseProject/Core/Src/main.c:610:6:MPU_Config	24	static
C:/Users/vkaiser.JAKTOOL/Documents/_LocalRepo/_STM32/TouchGFX_Workshop/STM32HB3i-DK_TouchGFX_BaseProject/Core/Src/main.c:672:6:HAL_TIM_PeriodElapsedCallback	16	static
C:/Users/vkaiser.JAKTOOL/Documents/_LocalRepo/_STM32/TouchGFX_Workshop/STM32HB3i-DK_TouchGFX_BaseProject/Core/Src/main.c:689:6:Error_Handler	4	static
