C:/Users/vkaiser.JAKTOOL/Documents/_LocalRepo/_STM32/TouchGFX_Workshop/STM32H7B3i-DK_TouchGFX_BaseProject/Core/Src/main.c:117:5:main	5
C:/Users/vkaiser.JAKTOOL/Documents/_LocalRepo/_STM32/TouchGFX_Workshop/STM32H7B3i-DK_TouchGFX_BaseProject/Core/Src/main.c:224:6:SystemClock_Config	4
C:/Users/vkaiser.JAKTOOL/Documents/_LocalRepo/_STM32/TouchGFX_Workshop/STM32H7B3i-DK_TouchGFX_BaseProject/Core/Src/main.c:285:6:PeriphCommonClock_Config	2
C:/Users/vkaiser.JAKTOOL/Documents/_LocalRepo/_STM32/TouchGFX_Workshop/STM32H7B3i-DK_TouchGFX_BaseProject/Core/Src/main.c:313:13:MX_CRC_Init	2
C:/Users/vkaiser.JAKTOOL/Documents/_LocalRepo/_STM32/TouchGFX_Workshop/STM32H7B3i-DK_TouchGFX_BaseProject/Core/Src/main.c:344:13:MX_DMA2D_Init	3
C:/Users/vkaiser.JAKTOOL/Documents/_LocalRepo/_STM32/TouchGFX_Workshop/STM32H7B3i-DK_TouchGFX_BaseProject/Core/Src/main.c:384:13:MX_I2C4_Init	4
C:/Users/vkaiser.JAKTOOL/Documents/_LocalRepo/_STM32/TouchGFX_Workshop/STM32H7B3i-DK_TouchGFX_BaseProject/Core/Src/main.c:432:13:MX_LTDC_Init	3
C:/Users/vkaiser.JAKTOOL/Documents/_LocalRepo/_STM32/TouchGFX_Workshop/STM32H7B3i-DK_TouchGFX_BaseProject/Core/Src/main.c:494:13:MX_OCTOSPI1_Init	5
C:/Users/vkaiser.JAKTOOL/Documents/_LocalRepo/_STM32/TouchGFX_Workshop/STM32H7B3i-DK_TouchGFX_BaseProject/Core/Src/main.c:556:13:MX_SDMMC1_SD_Init	1
C:/Users/vkaiser.JAKTOOL/Documents/_LocalRepo/_STM32/TouchGFX_Workshop/STM32H7B3i-DK_TouchGFX_BaseProject/Core/Src/main.c:583:13:MX_USART1_UART_Init	5
C:/Users/vkaiser.JAKTOOL/Documents/_LocalRepo/_STM32/TouchGFX_Workshop/STM32H7B3i-DK_TouchGFX_BaseProject/Core/Src/main.c:634:13:MX_GPIO_Init	1
C:/Users/vkaiser.JAKTOOL/Documents/_LocalRepo/_STM32/TouchGFX_Workshop/STM32H7B3i-DK_TouchGFX_BaseProject/Core/Src/main.c:729:6:HAL_GPIO_EXTI_Callback	2
C:/Users/vkaiser.JAKTOOL/Documents/_LocalRepo/_STM32/TouchGFX_Workshop/STM32H7B3i-DK_TouchGFX_BaseProject/Core/Src/main.c:745:13:TouchGFX_Task	1
C:/Users/vkaiser.JAKTOOL/Documents/_LocalRepo/_STM32/TouchGFX_Workshop/STM32H7B3i-DK_TouchGFX_BaseProject/Core/Src/main.c:763:6:Start_LEDblink_task	1
C:/Users/vkaiser.JAKTOOL/Documents/_LocalRepo/_STM32/TouchGFX_Workshop/STM32H7B3i-DK_TouchGFX_BaseProject/Core/Src/main.c:786:6:Start_InterruptTask	2
C:/Users/vkaiser.JAKTOOL/Documents/_LocalRepo/_STM32/TouchGFX_Workshop/STM32H7B3i-DK_TouchGFX_BaseProject/Core/Src/main.c:806:6:MPU_Config	1
C:/Users/vkaiser.JAKTOOL/Documents/_LocalRepo/_STM32/TouchGFX_Workshop/STM32H7B3i-DK_TouchGFX_BaseProject/Core/Src/main.c:868:6:HAL_TIM_PeriodElapsedCallback	2
C:/Users/vkaiser.JAKTOOL/Documents/_LocalRepo/_STM32/TouchGFX_Workshop/STM32H7B3i-DK_TouchGFX_BaseProject/Core/Src/main.c:885:6:Error_Handler	1
