C:/Users/vkaiser.JAKTOOL/Documents/_LocalRepo/_STM32/TouchGFX_Workshop/STM32HB3i-DK_TouchGFX_BaseProject/Core/Src/stm32h7xx_it.c:73:6:NMI_Handler	4	static
C:/Users/vkaiser.JAKTOOL/Documents/_LocalRepo/_STM32/TouchGFX_Workshop/STM32HB3i-DK_TouchGFX_BaseProject/Core/Src/stm32h7xx_it.c:88:6:HardFault_Handler	4	static
C:/Users/vkaiser.JAKTOOL/Documents/_LocalRepo/_STM32/TouchGFX_Workshop/STM32HB3i-DK_TouchGFX_BaseProject/Core/Src/stm32h7xx_it.c:103:6:MemManage_Handler	4	static
C:/Users/vkaiser.JAKTOOL/Documents/_LocalRepo/_STM32/TouchGFX_Workshop/STM32HB3i-DK_TouchGFX_BaseProject/Core/Src/stm32h7xx_it.c:118:6:BusFault_Handler	4	static
C:/Users/vkaiser.JAKTOOL/Documents/_LocalRepo/_STM32/TouchGFX_Workshop/STM32HB3i-DK_TouchGFX_BaseProject/Core/Src/stm32h7xx_it.c:133:6:UsageFault_Handler	4	static
C:/Users/vkaiser.JAKTOOL/Documents/_LocalRepo/_STM32/TouchGFX_Workshop/STM32HB3i-DK_TouchGFX_BaseProject/Core/Src/stm32h7xx_it.c:148:6:DebugMon_Handler	4	static
C:/Users/vkaiser.JAKTOOL/Documents/_LocalRepo/_STM32/TouchGFX_Workshop/STM32HB3i-DK_TouchGFX_BaseProject/Core/Src/stm32h7xx_it.c:168:6:EXTI2_IRQHandler	8	static
C:/Users/vkaiser.JAKTOOL/Documents/_LocalRepo/_STM32/TouchGFX_Workshop/STM32HB3i-DK_TouchGFX_BaseProject/Core/Src/stm32h7xx_it.c:182:6:EXTI15_10_IRQHandler	8	static
C:/Users/vkaiser.JAKTOOL/Documents/_LocalRepo/_STM32/TouchGFX_Workshop/STM32HB3i-DK_TouchGFX_BaseProject/Core/Src/stm32h7xx_it.c:196:6:TIM6_DAC_IRQHandler	8	static
C:/Users/vkaiser.JAKTOOL/Documents/_LocalRepo/_STM32/TouchGFX_Workshop/STM32HB3i-DK_TouchGFX_BaseProject/Core/Src/stm32h7xx_it.c:210:6:LTDC_IRQHandler	8	static
C:/Users/vkaiser.JAKTOOL/Documents/_LocalRepo/_STM32/TouchGFX_Workshop/STM32HB3i-DK_TouchGFX_BaseProject/Core/Src/stm32h7xx_it.c:224:6:DMA2D_IRQHandler	8	static
C:/Users/vkaiser.JAKTOOL/Documents/_LocalRepo/_STM32/TouchGFX_Workshop/STM32HB3i-DK_TouchGFX_BaseProject/Core/Src/stm32h7xx_it.c:238:6:OCTOSPI1_IRQHandler	8	static
