../../Middlewares/ST/touchgfx/framework/include/mvp/Presenter.hpp:37:18:virtual void touchgfx::Presenter::activate()	16	static
../../Middlewares/ST/touchgfx/framework/include/mvp/Presenter.hpp:47:18:virtual void touchgfx::Presenter::deactivate()	16	static
../../Middlewares/ST/touchgfx/framework/include/mvp/Presenter.hpp:52:13:touchgfx::Presenter::~Presenter()	16	static
../../Middlewares/ST/touchgfx/framework/include/mvp/Presenter.hpp:52:13:virtual touchgfx::Presenter::~Presenter()	16	static
../../Middlewares/ST/touchgfx/framework/include/mvp/Presenter.hpp:58:5:touchgfx::Presenter::Presenter()	16	static
../../TouchGFX/gui/include/gui/model/ModelListener.hpp:9:5:ModelListener::ModelListener()	16	static
../../TouchGFX/gui/include/gui/model/ModelListener.hpp:11:13:ModelListener::~ModelListener()	16	static
../../TouchGFX/gui/include/gui/model/ModelListener.hpp:11:13:virtual ModelListener::~ModelListener()	16	static
../../TouchGFX/gui/include/gui/model/ModelListener.hpp:18:18:virtual void ModelListener::userButtonPressed()	16	static
../../TouchGFX/gui/include/gui/screen_home_screen/Screen_HomePresenter.hpp:28:13:Screen_HomePresenter::~Screen_HomePresenter()	16	static
../../TouchGFX/gui/include/gui/screen_home_screen/Screen_HomePresenter.hpp:28:13:virtual Screen_HomePresenter::~Screen_HomePresenter()	16	static
C:/Users/vkaiser.JAKTOOL/Documents/_LocalRepo/_STM32/TouchGFX_Workshop/STM32HB3i-DK_TouchGFX_BaseProject/TouchGFX/gui/src/screen_home_screen/Screen_HomePresenter.cpp:4:1:Screen_HomePresenter::Screen_HomePresenter(Screen_HomeView&)	16	static
C:/Users/vkaiser.JAKTOOL/Documents/_LocalRepo/_STM32/TouchGFX_Workshop/STM32HB3i-DK_TouchGFX_BaseProject/TouchGFX/gui/src/screen_home_screen/Screen_HomePresenter.cpp:10:6:virtual void Screen_HomePresenter::activate()	16	static
C:/Users/vkaiser.JAKTOOL/Documents/_LocalRepo/_STM32/TouchGFX_Workshop/STM32HB3i-DK_TouchGFX_BaseProject/TouchGFX/gui/src/screen_home_screen/Screen_HomePresenter.cpp:15:6:virtual void Screen_HomePresenter::deactivate()	16	static
