../../Middlewares/ST/touchgfx/framework/include/touchgfx/Screen.hpp:104:18:virtual void touchgfx::Screen::afterTransition()	16	static
../../Middlewares/ST/touchgfx/framework/include/touchgfx/Screen.hpp:115:18:virtual void touchgfx::Screen::tearDownScreen()	16	static
../../Middlewares/ST/touchgfx/framework/include/touchgfx/Screen.hpp:144:18:virtual void touchgfx::Screen::handleTickEvent()	16	static
../../Middlewares/ST/touchgfx/framework/include/touchgfx/Screen.hpp:154:18:virtual void touchgfx::Screen::handleKeyEvent(uint8_t)	16	static
../../TouchGFX/gui/include/gui/screen_home_screen/Screen_HomeView.hpp:11:13:Screen_HomeView::~Screen_HomeView()	16	static
../../TouchGFX/gui/include/gui/screen_home_screen/Screen_HomeView.hpp:11:13:virtual Screen_HomeView::~Screen_HomeView()	16	static
C:/Users/vkaiser.JAKTOOL/Documents/_LocalRepo/_STM32/TouchGFX_Workshop/STM32HB3i-DK_TouchGFX_BaseProject/TouchGFX/gui/src/screen_home_screen/Screen_HomeView.cpp:3:1:Screen_HomeView::Screen_HomeView()	16	static
C:/Users/vkaiser.JAKTOOL/Documents/_LocalRepo/_STM32/TouchGFX_Workshop/STM32HB3i-DK_TouchGFX_BaseProject/TouchGFX/gui/src/screen_home_screen/Screen_HomeView.cpp:8:6:virtual void Screen_HomeView::setupScreen()	16	static
C:/Users/vkaiser.JAKTOOL/Documents/_LocalRepo/_STM32/TouchGFX_Workshop/STM32HB3i-DK_TouchGFX_BaseProject/TouchGFX/gui/src/screen_home_screen/Screen_HomeView.cpp:13:6:virtual void Screen_HomeView::tearDownScreen()	16	static
